// Vitest Snapshot v1

exports[`should > generate props 1`] = `
"
<script lang=\\"ts\\">
import { defineComponent, defineProps } from 'vue'
export default defineComponent({
  name: 'Test',

  setup() {
    return {
      props: '1',
    };
  }
})
const props = defineProps({
  width: {
    type: Number,
    default: 446,
  },
  title: {
    type: String,
    default: '',
  },
})
</script>
"
`;
